[    0.000000] Booting Linux on physical CPU 0x0000000000 [0x00000000]
[    0.000000] Linux version 6.1.0-rc8-nestbox-00056-gef106c7ea25c (kdrag0n@pinwheel) (aarch64-linux-gnu-gcc (GCC) 12.2.0, GNU ld (GNU Binutils) 2.39) #113 SMP Sun Dec 11 18:08:17 PST 2022
[    0.000000] Zone ranges:
[    0.000000]   DMA      [mem 0x0000000070000000-0x00000000ffffffff]
[    0.000000]   DMA32    empty
[    0.000000]   Normal   [mem 0x0000000100000000-0x000000026fffffff]
[    0.000000] Movable zone start for each node
[    0.000000] Early memory node ranges
[    0.000000]   node   0: [mem 0x0000000070000000-0x000000026fffffff]
[    0.000000] Initmem setup node 0 [mem 0x0000000070000000-0x000000026fffffff]
[    0.000000] psci: probing for conduit method from DT.
[    0.000000] psci: PSCIv1.1 detected in firmware.
[    0.000000] psci: Using standard PSCI v0.2 function IDs
[    0.000000] psci: Trusted OS migration not required
[    0.000000] psci: SMC Calling Convention v1.0
[    0.000000] percpu: Embedded 19 pages/cpu s45480 r0 d32344 u77824
[    0.000000] pcpu-alloc: s45480 r0 d32344 u77824 alloc=19*4096
[    0.000000] pcpu-alloc: [0] 0 [0] 1 [0] 2 [0] 3 [0] 4 [0] 5 [0] 6 [0] 7
[    0.000000] Detected PIPT I-cache on CPU0
[    0.000000] CPU features: detected: GIC system register CPU interface
[    0.000000] CPU features: detected: Spectre-v4
[    0.000000] CPU features: kernel page table isolation disabled by kernel configuration
[    0.000000] alternatives: applying boot alternatives
[    0.000000] Built 1 zonelists, mobility grouping on.  Total pages: 2064384
[    0.000000] Kernel command line: root=/dev/vda rootfstype=erofs ro init=/opt/vc/preinit console=hvc0 rcu_nocbs=0-7 workqueue.power_efficient=1 cgroup.memory=nokmem,nosocket vc.data_size=65536 vc.vcontrol_token=test vc.timezone=America/Los_Angeles
[    0.000000] Dentry cache hash table entries: 1048576 (order: 11, 8388608 bytes, linear)
[    0.000000] Inode-cache hash table entries: 524288 (order: 10, 4194304 bytes, linear)
[    0.000000] mem auto-init: stack:off, heap alloc:off, heap free:off
[    0.000000] software IO TLB: area num 8.
[    0.000000] software IO TLB: mapped [mem 0x00000000fbfff000-0x00000000fffff000] (64MB)
[    0.000000] Memory: 8145420K/8388608K available (11520K kernel code, 992K rwdata, 2076K rodata, 1408K init, 316K bss, 243188K reserved, 0K cma-reserved)
[    0.000000] SLUB: HWalign=64, Order=0-3, MinObjects=0, CPUs=8, Nodes=1
[    0.000000] rcu: Hierarchical RCU implementation.
[    0.000000] rcu: 	RCU restricting CPUs from NR_CPUS=20 to nr_cpu_ids=8.
[    0.000000] 	Tracing variant of Tasks RCU enabled.
[    0.000000] rcu: RCU calculated value of scheduler-enlistment delay is 10 jiffies.
[    0.000000] rcu: Adjusting geometry for rcu_fanout_leaf=16, nr_cpu_ids=8
[    0.000000] NR_IRQS: 64, nr_irqs: 64, preallocated rqs: 0
[    0.000000] GICv3: 64 SPIs implemented
[    0.000000] GICv3: 0 Extended SPIs implemented
[    0.000000] Root IRQ handler: gic_handle_irq
[    0.000000] GICv3: GICv3 features: 16 PPIs
[    0.000000] GICv3: CPU0: found redistributor 0 region 0:0x0000000010010000
[    0.000000] rcu: 	Offload RCU callbacks from CPUs: 0-7.
[    0.000000] rcu: srcu_init: Setting srcu_struct sizes based on contention.
[    0.000000] arch_timer: cp15 timer(s) running at 24.00MHz (virt).
[    0.000000] clocksource: arch_sys_counter: mask: 0xffffffffffffff max_cycles: 0x588fe9dc0, max_idle_ns: 440795202592 ns
[    0.000000] sched_clock: 56 bits at 24MHz, resolution 41ns, wraps every 4398046511097ns
[    0.000069] Console: colour dummy device 80x25
[    0.000086] Calibrating delay loop (skipped), value calculated using timer frequency.. 48.00 BogoMIPS (lpj=240000)
[    0.000087] pid_max: default: 32768 minimum: 301
[    0.000109] LSM: Security Framework initializing
[    0.000173] Mount-cache hash table entries: 16384 (order: 5, 131072 bytes, linear)
[    0.000201] Mountpoint-cache hash table entries: 16384 (order: 5, 131072 bytes, linear)
[    0.000528] cacheinfo: Unable to detect cache hierarchy for CPU 0
[    0.000591] cblist_init_generic: Setting adjustable number of callback queues.
[    0.000592] cblist_init_generic: Setting shift to 3 and lim to 1.
[    0.000616] rcu: Hierarchical SRCU implementation.
[    0.000616] rcu: 	Max phase no-delay instances is 1000.
[    0.000714] smp: Bringing up secondary CPUs ...
[    0.000836] Detected PIPT I-cache on CPU1
[    0.000848] cacheinfo: Unable to detect cache hierarchy for CPU 1
[    0.000855] GICv3: CPU1: found redistributor 1 region 0:0x0000000010030000
[    0.000909] CPU1: Booted secondary processor 0x0000000001 [0x00000000]
[    0.001074] Detected PIPT I-cache on CPU2
[    0.001085] cacheinfo: Unable to detect cache hierarchy for CPU 2
[    0.001095] GICv3: CPU2: found redistributor 2 region 0:0x0000000010050000
[    0.001148] CPU2: Booted secondary processor 0x0000000002 [0x00000000]
[    0.001291] Detected PIPT I-cache on CPU3
[    0.001302] cacheinfo: Unable to detect cache hierarchy for CPU 3
[    0.001315] GICv3: CPU3: found redistributor 3 region 0:0x0000000010070000
[    0.001367] CPU3: Booted secondary processor 0x0000000003 [0x00000000]
[    0.001511] Detected PIPT I-cache on CPU4
[    0.001521] cacheinfo: Unable to detect cache hierarchy for CPU 4
[    0.001537] GICv3: CPU4: found redistributor 4 region 0:0x0000000010090000
[    0.001589] CPU4: Booted secondary processor 0x0000000004 [0x00000000]
[    0.001719] Detected PIPT I-cache on CPU5
[    0.001729] cacheinfo: Unable to detect cache hierarchy for CPU 5
[    0.001747] GICv3: CPU5: found redistributor 5 region 0:0x00000000100b0000
[    0.001800] CPU5: Booted secondary processor 0x0000000005 [0x00000000]
[    0.001938] Detected PIPT I-cache on CPU6
[    0.001951] cacheinfo: Unable to detect cache hierarchy for CPU 6
[    0.001971] GICv3: CPU6: found redistributor 6 region 0:0x00000000100d0000
[    0.002023] CPU6: Booted secondary processor 0x0000000006 [0x00000000]
[    0.002153] Detected PIPT I-cache on CPU7
[    0.002164] cacheinfo: Unable to detect cache hierarchy for CPU 7
[    0.002187] GICv3: CPU7: found redistributor 7 region 0:0x00000000100f0000
[    0.002240] CPU7: Booted secondary processor 0x0000000007 [0x00000000]
[    0.002276] smp: Brought up 1 node, 8 CPUs
[    0.002277] SMP: Total of 8 processors activated.
[    0.002278] CPU features: detected: ARMv8.4 Translation Table Level
[    0.002278] CPU features: detected: Data cache clean to the PoU not required for I/D coherence
[    0.002279] CPU features: detected: Common not Private translations
[    0.002279] CPU features: detected: CRC32 instructions
[    0.002279] CPU features: detected: E0PD
[    0.002279] CPU features: detected: RCpc load-acquire (LDAPR)
[    0.002280] CPU features: detected: LSE atomic instructions
[    0.002280] CPU features: detected: Privileged Access Never
[    0.002280] CPU features: detected: RAS Extension Support
[    0.002280] CPU features: detected: Speculation barrier (SB)
[    0.002281] CPU features: detected: TLB range maintenance instructions
[    0.002281] CPU features: detected: Speculative Store Bypassing Safe (SSBS)
[    0.002410] CPU: All CPU(s) started at EL1
[    0.002410] alternatives: applying system-wide alternatives
[    0.004732] devtmpfs: initialized
[    0.004875] clocksource: jiffies: mask: 0xffffffff max_cycles: 0xffffffff, max_idle_ns: 19112604462750000 ns
[    0.004876] futex hash table entries: 2048 (order: 5, 131072 bytes, linear)
[    0.005002] NET: Registered PF_NETLINK/PF_ROUTE protocol family
[    0.005507] DMA: preallocated 1024 KiB GFP_KERNEL pool for atomic allocations
[    0.005731] DMA: preallocated 1024 KiB GFP_KERNEL|GFP_DMA pool for atomic allocations
[    0.005952] DMA: preallocated 1024 KiB GFP_KERNEL|GFP_DMA32 pool for atomic allocations
[    0.006018] cpuidle: using governor menu
[    0.006038] hw-breakpoint: found 6 breakpoint and 4 watchpoint registers.
[    0.006195] ASID allocator initialised with 256 entries
[    0.006201] Serial: AMBA PL011 UART driver
[    0.006337] KASLR enabled
[    0.007091] iommu: Default domain type: Translated
[    0.007095] iommu: DMA domain TLB invalidation policy: strict mode
[    0.007109] SCSI subsystem initialized
[    0.007124] usbcore: registered new interface driver usbfs
[    0.007125] usbcore: registered new interface driver hub
[    0.007127] usbcore: registered new device driver usb
[    0.007131] pps_core: LinuxPPS API ver. 1 registered
[    0.007132] pps_core: Software ver. 5.3.6 - Copyright 2005-2007 Rodolfo Giometti <giometti@linux.it>
[    0.007132] PTP clock support registered
[    0.007146] Advanced Linux Sound Architecture Driver Initialized.
[    0.007319] clocksource: Switched to clocksource arch_sys_counter
[    0.009619] NET: Registered PF_INET protocol family
[    0.009887] IP idents hash table entries: 131072 (order: 8, 1048576 bytes, linear)
[    0.010816] tcp_listen_portaddr_hash hash table entries: 4096 (order: 4, 65536 bytes, linear)
[    0.010837] Table-perturb hash table entries: 65536 (order: 6, 262144 bytes, linear)
[    0.010839] TCP established hash table entries: 65536 (order: 7, 524288 bytes, linear)
[    0.010990] TCP bind hash table entries: 65536 (order: 9, 2097152 bytes, linear)
[    0.011487] TCP: Hash tables configured (established 65536 bind 65536)
[    0.011535] UDP hash table entries: 4096 (order: 5, 131072 bytes, linear)
[    0.011568] UDP-Lite hash table entries: 4096 (order: 5, 131072 bytes, linear)
[    0.011615] NET: Registered PF_UNIX/PF_LOCAL protocol family
[    0.011812] RPC: Registered named UNIX socket transport module.
[    0.011812] RPC: Registered udp transport module.
[    0.011813] RPC: Registered tcp transport module.
[    0.011813] RPC: Registered tcp NFSv4.1 backchannel transport module.
[    0.011908] PCI: CLS 0 bytes, default 64
[    0.012257] Initialise system trusted keyrings
[    0.012310] workingset: timestamp_bits=46 max_order=21 bucket_order=0
[    0.012886] NFS: Registering the id_resolver key type
[    0.012890] Key type id_resolver registered
[    0.012890] Key type id_legacy registered
[    0.012903] nfs4filelayout_init: NFSv4 File Layout Driver Registering...
[    0.012903] nfs4flexfilelayout_init: NFSv4 Flexfile Layout Driver Registering...
[    0.013281] Key type cifs.idmap registered
[    0.013283] ntfs3: Max link count 4000
[    0.013324] fuse: init (API version 7.37)
[    0.013415] SGI XFS with security attributes, quota, no debug enabled
[    0.013749] Key type asymmetric registered
[    0.013750] Asymmetric key parser 'x509' registered
[    0.013771] Block layer SCSI generic (bsg) driver version 0.4 loaded (major 249)
[    0.013772] io scheduler mq-deadline registered
[    0.013772] io scheduler kyber registered
[    0.014195] pci-host-generic 40000000.pci: host bridge /pci ranges:
[    0.014198] pci-host-generic 40000000.pci:       IO 0x006fff0000..0x006fffffff -> 0x0000000000
[    0.014203] pci-host-generic 40000000.pci:      MEM 0x0050000000..0x006ffdffff -> 0x0050000000
[    0.014204] pci-host-generic 40000000.pci:      MEM 0x0280000000..0x02bfffffff -> 0x0280000000
[    0.014211] pci-host-generic 40000000.pci: ECAM at [mem 0x40000000-0x4fffffff] for [bus 00-ff]
[    0.014222] pci-host-generic 40000000.pci: PCI host bridge to bus 0000:00
[    0.014223] pci_bus 0000:00: root bus resource [bus 00-ff]
[    0.014223] pci_bus 0000:00: root bus resource [io  0x0000-0xffff]
[    0.014224] pci_bus 0000:00: root bus resource [mem 0x50000000-0x6ffdffff]
[    0.014224] pci_bus 0000:00: root bus resource [mem 0x280000000-0x2bfffffff]
[    0.014244] pci 0000:00:00.0: [106b:1a05] type 00 class 0x060000
[    0.014373] pci 0000:00:01.0: [1af4:1041] type 00 class 0x020000
[    0.014391] pci 0000:00:01.0: reg 0x10: [mem 0x00000000-0x0000003f]
[    0.014399] pci 0000:00:01.0: reg 0x14: [mem 0x00000000-0x0000001f]
[    0.014406] pci 0000:00:01.0: reg 0x18: [mem 0x00000000-0x0000000f]
[    0.014414] pci 0000:00:01.0: reg 0x1c: [mem 0x00000000-0x0000000f]
[    0.014532] pci 0000:00:02.0: [1af4:1041] type 00 class 0x020000
[    0.014549] pci 0000:00:02.0: reg 0x10: [mem 0x00000000-0x0000003f]
[    0.014557] pci 0000:00:02.0: reg 0x14: [mem 0x00000000-0x0000001f]
[    0.014565] pci 0000:00:02.0: reg 0x18: [mem 0x00000000-0x0000000f]
[    0.014572] pci 0000:00:02.0: reg 0x1c: [mem 0x00000000-0x0000000f]
[    0.014693] pci 0000:00:05.0: [1af4:1043] type 00 class 0x078000
[    0.014711] pci 0000:00:05.0: reg 0x10: [mem 0x00000000-0x0000003f]
[    0.014718] pci 0000:00:05.0: reg 0x14: [mem 0x00000000-0x0000000f]
[    0.014726] pci 0000:00:05.0: reg 0x18: [mem 0x00000000-0x0000000f]
[    0.014733] pci 0000:00:05.0: reg 0x1c: [mem 0x00000000-0x0000000f]
[    0.014854] pci 0000:00:06.0: [1af4:1042] type 00 class 0x018000
[    0.014871] pci 0000:00:06.0: reg 0x10: [mem 0x00000000-0x0000003f]
[    0.014879] pci 0000:00:06.0: reg 0x14: [mem 0x00000000-0x0000003f]
[    0.014886] pci 0000:00:06.0: reg 0x18: [mem 0x00000000-0x0000000f]
[    0.014894] pci 0000:00:06.0: reg 0x1c: [mem 0x00000000-0x0000000f]
[    0.015011] pci 0000:00:07.0: [1af4:1042] type 00 class 0x018000
[    0.015028] pci 0000:00:07.0: reg 0x10: [mem 0x00000000-0x0000003f]
[    0.015036] pci 0000:00:07.0: reg 0x14: [mem 0x00000000-0x0000003f]
[    0.015043] pci 0000:00:07.0: reg 0x18: [mem 0x00000000-0x0000000f]
[    0.015051] pci 0000:00:07.0: reg 0x1c: [mem 0x00000000-0x0000000f]
[    0.015171] pci 0000:00:08.0: [1af4:1042] type 00 class 0x018000
[    0.015188] pci 0000:00:08.0: reg 0x10: [mem 0x00000000-0x0000003f]
[    0.015196] pci 0000:00:08.0: reg 0x14: [mem 0x00000000-0x0000003f]
[    0.015204] pci 0000:00:08.0: reg 0x18: [mem 0x00000000-0x0000000f]
[    0.015211] pci 0000:00:08.0: reg 0x1c: [mem 0x00000000-0x0000000f]
[    0.015341] pci 0000:00:09.0: [1af4:105a] type 00 class 0x018000
[    0.015359] pci 0000:00:09.0: reg 0x10: [mem 0x00000000-0x0000003f]
[    0.015366] pci 0000:00:09.0: reg 0x14: [mem 0x00000000-0x0000003f]
[    0.015374] pci 0000:00:09.0: reg 0x18: [mem 0x00000000-0x0000000f]
[    0.015381] pci 0000:00:09.0: reg 0x1c: [mem 0x00000000-0x0000000f]
[    0.015498] pci 0000:00:0a.0: [1af4:105a] type 00 class 0x018000
[    0.015515] pci 0000:00:0a.0: reg 0x10: [mem 0x00000000-0x0000003f]
[    0.015523] pci 0000:00:0a.0: reg 0x14: [mem 0x00000000-0x0000003f]
[    0.015530] pci 0000:00:0a.0: reg 0x18: [mem 0x00000000-0x0000000f]
[    0.015538] pci 0000:00:0a.0: reg 0x1c: [mem 0x00000000-0x0000000f]
[    0.015661] pci 0000:00:0b.0: [1af4:1053] type 00 class 0x078000
[    0.015681] pci 0000:00:0b.0: reg 0x10: [mem 0x00000000-0x0000003f]
[    0.015689] pci 0000:00:0b.0: reg 0x14: [mem 0x00000000-0x0000000f]
[    0.015696] pci 0000:00:0b.0: reg 0x18: [mem 0x00000000-0x0000000f]
[    0.015704] pci 0000:00:0b.0: reg 0x1c: [mem 0x00000000-0x0000000f]
[    0.015818] pci 0000:00:0c.0: [1af4:1044] type 00 class 0x100000
[    0.015835] pci 0000:00:0c.0: reg 0x10: [mem 0x00000000-0x0000003f]
[    0.015850] pci 0000:00:0c.0: reg 0x18: [mem 0x00000000-0x0000000f]
[    0.015858] pci 0000:00:0c.0: reg 0x1c: [mem 0x00000000-0x0000000f]
[    0.015963] pci 0000:00:0d.0: [1af4:1045] type 00 class 0x058000
[    0.015981] pci 0000:00:0d.0: reg 0x10: [mem 0x00000000-0x0000003f]
[    0.015988] pci 0000:00:0d.0: reg 0x14: [mem 0x00000000-0x0000000f]
[    0.015996] pci 0000:00:0d.0: reg 0x18: [mem 0x00000000-0x0000000f]
[    0.016003] pci 0000:00:0d.0: reg 0x1c: [mem 0x00000000-0x0000000f]
[    0.016138] pci 0000:00:01.0: BAR 0: assigned [mem 0x50000000-0x5000003f]
[    0.016142] pci 0000:00:02.0: BAR 0: assigned [mem 0x50000040-0x5000007f]
[    0.016145] pci 0000:00:05.0: BAR 0: assigned [mem 0x50000080-0x500000bf]
[    0.016149] pci 0000:00:06.0: BAR 0: assigned [mem 0x500000c0-0x500000ff]
[    0.016152] pci 0000:00:06.0: BAR 1: assigned [mem 0x50000100-0x5000013f]
[    0.016155] pci 0000:00:07.0: BAR 0: assigned [mem 0x50000140-0x5000017f]
[    0.016159] pci 0000:00:07.0: BAR 1: assigned [mem 0x50000180-0x500001bf]
[    0.016162] pci 0000:00:08.0: BAR 0: assigned [mem 0x500001c0-0x500001ff]
[    0.016165] pci 0000:00:08.0: BAR 1: assigned [mem 0x50000200-0x5000023f]
[    0.016169] pci 0000:00:09.0: BAR 0: assigned [mem 0x50000240-0x5000027f]
[    0.016172] pci 0000:00:09.0: BAR 1: assigned [mem 0x50000280-0x500002bf]
[    0.016175] pci 0000:00:0a.0: BAR 0: assigned [mem 0x500002c0-0x500002ff]
[    0.016179] pci 0000:00:0a.0: BAR 1: assigned [mem 0x50000300-0x5000033f]
[    0.016182] pci 0000:00:0b.0: BAR 0: assigned [mem 0x50000340-0x5000037f]
[    0.016185] pci 0000:00:0c.0: BAR 0: assigned [mem 0x50000380-0x500003bf]
[    0.016189] pci 0000:00:0d.0: BAR 0: assigned [mem 0x500003c0-0x500003ff]
[    0.016192] pci 0000:00:01.0: BAR 1: assigned [mem 0x50000400-0x5000041f]
[    0.016195] pci 0000:00:02.0: BAR 1: assigned [mem 0x50000420-0x5000043f]
[    0.016199] pci 0000:00:01.0: BAR 2: assigned [mem 0x50000440-0x5000044f]
[    0.016202] pci 0000:00:01.0: BAR 3: assigned [mem 0x50000450-0x5000045f]
[    0.016206] pci 0000:00:02.0: BAR 2: assigned [mem 0x50000460-0x5000046f]
[    0.016209] pci 0000:00:02.0: BAR 3: assigned [mem 0x50000470-0x5000047f]
[    0.016213] pci 0000:00:05.0: BAR 1: assigned [mem 0x50000480-0x5000048f]
[    0.016216] pci 0000:00:05.0: BAR 2: assigned [mem 0x50000490-0x5000049f]
[    0.016219] pci 0000:00:05.0: BAR 3: assigned [mem 0x500004a0-0x500004af]
[    0.016223] pci 0000:00:06.0: BAR 2: assigned [mem 0x500004b0-0x500004bf]
[    0.016226] pci 0000:00:06.0: BAR 3: assigned [mem 0x500004c0-0x500004cf]
[    0.016230] pci 0000:00:07.0: BAR 2: assigned [mem 0x500004d0-0x500004df]
[    0.016233] pci 0000:00:07.0: BAR 3: assigned [mem 0x500004e0-0x500004ef]
[    0.016236] pci 0000:00:08.0: BAR 2: assigned [mem 0x500004f0-0x500004ff]
[    0.016240] pci 0000:00:08.0: BAR 3: assigned [mem 0x50000500-0x5000050f]
[    0.016243] pci 0000:00:09.0: BAR 2: assigned [mem 0x50000510-0x5000051f]
[    0.016246] pci 0000:00:09.0: BAR 3: assigned [mem 0x50000520-0x5000052f]
[    0.016250] pci 0000:00:0a.0: BAR 2: assigned [mem 0x50000530-0x5000053f]
[    0.016253] pci 0000:00:0a.0: BAR 3: assigned [mem 0x50000540-0x5000054f]
[    0.016256] pci 0000:00:0b.0: BAR 1: assigned [mem 0x50000550-0x5000055f]
[    0.016260] pci 0000:00:0b.0: BAR 2: assigned [mem 0x50000560-0x5000056f]
[    0.016263] pci 0000:00:0b.0: BAR 3: assigned [mem 0x50000570-0x5000057f]
[    0.016266] pci 0000:00:0c.0: BAR 2: assigned [mem 0x50000580-0x5000058f]
[    0.016270] pci 0000:00:0c.0: BAR 3: assigned [mem 0x50000590-0x5000059f]
[    0.016273] pci 0000:00:0d.0: BAR 1: assigned [mem 0x500005a0-0x500005af]
[    0.016277] pci 0000:00:0d.0: BAR 2: assigned [mem 0x500005b0-0x500005bf]
[    0.016280] pci 0000:00:0d.0: BAR 3: assigned [mem 0x500005c0-0x500005cf]
[    0.016321] virtio-pci 0000:00:01.0: enabling device (0000 -> 0002)
[    0.052362] virtio-pci 0000:00:02.0: enabling device (0000 -> 0002)
[    0.082369] virtio-pci 0000:00:05.0: enabling device (0000 -> 0002)
[    0.112414] virtio-pci 0000:00:06.0: enabling device (0000 -> 0002)
[    0.142498] virtio-pci 0000:00:07.0: enabling device (0000 -> 0002)
[    0.172434] virtio-pci 0000:00:08.0: enabling device (0000 -> 0002)
[    0.202489] virtio-pci 0000:00:09.0: enabling device (0000 -> 0002)
[    0.230487] virtio-pci 0000:00:0a.0: enabling device (0000 -> 0002)
[    0.262111] virtio-pci 0000:00:0b.0: enabling device (0000 -> 0002)
[    0.292401] virtio-pci 0000:00:0c.0: enabling device (0000 -> 0002)
[    0.322443] virtio-pci 0000:00:0d.0: enabling device (0000 -> 0002)
[    0.352728] Serial: 8250/16550 driver, 4 ports, IRQ sharing enabled
[    0.355200] printk: console [hvc0] enabled
[    0.355876] cacheinfo: Unable to detect cache hierarchy for CPU 0
[    0.356015] random: crng init done
[    0.356108] loop: module loaded
[    0.356419] virtio_blk virtio3: 1/0/0 default/read/poll queues
[    0.356945] virtio_blk virtio3: [vda] 263200 512-byte logical blocks (135 MB/129 MiB)
[    0.359344] virtio_blk virtio4: 1/0/0 default/read/poll queues
[    0.359826] virtio_blk virtio4: [vdb] 17179869184 512-byte logical blocks (8.80 TB/8.00 TiB)
[    0.362946]  vdb: vdb1
[    0.363283] virtio_blk virtio5: 1/0/0 default/read/poll queues
[    0.363637] virtio_blk virtio5: [vdc] 134217728 512-byte logical blocks (68.7 GB/64.0 GiB)
[    0.365932]  vdc: vdc1 vdc2
[    0.366190] zram: Added device: zram0
[    0.366272] wireguard: WireGuard 1.0.0 loaded. See www.wireguard.com for information.
[    0.366334] wireguard: Copyright (C) 2015-2019 Jason A. Donenfeld <Jason@zx2c4.com>. All Rights Reserved.
[    0.366494] tun: Universal TUN/TAP device driver, 1.6
[    0.367658] PPP generic driver version 2.4.2
[    0.367739] PPP Deflate Compression module registered
[    0.367908] PPP MPPE Compression module registered
[    0.367948] usbcore: registered new interface driver rtl8187
[    0.367989] usbcore: registered new interface driver rtl8192cu
[    0.368028] usbcore: registered new interface driver rtl8150
[    0.368087] usbcore: registered new interface driver r8152
[    0.368122] usbcore: registered new interface driver asix
[    0.368167] usbcore: registered new interface driver ax88179_178a
[    0.368203] usbcore: registered new interface driver cdc_ether
[    0.368255] usbcore: registered new interface driver cdc_ncm
[    0.368301] usbcore: registered new interface driver r8153_ecm
[    0.368414] VFIO - User Level meta-driver version: 0.3
[    0.368670] usbcore: registered new interface driver uas
[    0.368715] usbcore: registered new interface driver usb-storage
[    0.368826] vhci_hcd vhci_hcd.0: USB/IP Virtual Host Controller
[    0.368870] vhci_hcd vhci_hcd.0: new USB bus registered, assigned bus number 1
[    0.368919] vhci_hcd: created sysfs vhci_hcd.0
[    0.368971] usb usb1: New USB device found, idVendor=1d6b, idProduct=0002, bcdDevice= 6.01
[    0.369036] usb usb1: New USB device strings: Mfr=3, Product=2, SerialNumber=1
[    0.369121] usb usb1: Product: USB/IP Virtual Host Controller
[    0.369166] usb usb1: Manufacturer: Linux 6.1.0-rc8-nestbox-00056-gef106c7ea25c vhci_hcd
[    0.369216] usb usb1: SerialNumber: vhci_hcd.0
[    0.369329] hub 1-0:1.0: USB hub found
[    0.369355] hub 1-0:1.0: 8 ports detected
[    0.369421] vhci_hcd vhci_hcd.0: USB/IP Virtual Host Controller
[    0.369463] vhci_hcd vhci_hcd.0: new USB bus registered, assigned bus number 2
[    0.369514] usb usb2: We don't know the algorithms for LPM for this host, disabling LPM.
[    0.369573] usb usb2: New USB device found, idVendor=1d6b, idProduct=0003, bcdDevice= 6.01
[    0.369619] usb usb2: New USB device strings: Mfr=3, Product=2, SerialNumber=1
[    0.369693] usb usb2: Product: USB/IP Virtual Host Controller
[    0.369767] usb usb2: Manufacturer: Linux 6.1.0-rc8-nestbox-00056-gef106c7ea25c vhci_hcd
[    0.369829] usb usb2: SerialNumber: vhci_hcd.0
[    0.369970] hub 2-0:1.0: USB hub found
[    0.370008] hub 2-0:1.0: 8 ports detected
[    0.370175] rtc-pl031 20050000.pl031: registered as rtc0
[    0.370218] rtc-pl031 20050000.pl031: setting system clock to 2022-12-12T16:42:55 UTC (1670863375)
[    0.370350] hid: raw HID events driver (C) Jiri Kosina
[    0.370407] usbcore: registered new interface driver usbhid
[    0.370443] usbhid: USB HID core driver
[    0.370546] GACT probability NOT on
[    0.370571] Mirror/redirect action on
[    0.372077] Initializing XFRM netlink socket
[    0.372192] NET: Registered PF_INET6 protocol family
[    0.372497] Segment Routing with IPv6
[    0.372525] In-situ OAM (IOAM) with IPv6
[    0.372566] NET: Registered PF_PACKET protocol family
[    0.372610] Bridge firewalling registered
[    0.372645] l2tp_core: L2TP core driver, V2.0
[    0.372678] 8021q: 802.1Q VLAN Support v1.8
[    0.372708] Key type dns_resolver registered
[    0.372784] NET: Registered PF_VSOCK protocol family
[    0.373604] Loading compiled-in X.509 certificates
[    0.379161] cfg80211: Loading compiled-in X.509 certificates for regulatory database
[    0.379627] cfg80211: Loaded X.509 cert 'sforshee: 00b28ddf47aef9cea7'
[    0.379766] platform regulatory.0: Direct firmware load for regulatory.db failed with error -2
[    0.379919] cfg80211: failed to load regulatory.db
[    0.380303] ALSA device list:
[    0.380345]   No soundcards found.
[    0.380755] erofs: (device vda): mounted with root inode @ nid 36.
[    0.380852] VFS: Mounted root (erofs filesystem) readonly on device 254:0.
[    0.381176] devtmpfs: mounted
[    0.381286] Freeing unused kernel memory: 1408K
[    0.441566] Run /opt/vc/preinit as init process
[    0.441664]   with arguments:
[    0.441665]     /opt/vc/preinit
[    0.441665]   with environment:
[    0.441666]     HOME=/
[    0.441666]     TERM=linux
